Archive member included because of file (symbol)

d:/stm32f-krssg/gcc-arm-none-eabi/bin/../lib/gcc/arm-none-eabi/4.8.3/../../../../arm-none-eabi/lib/armv7e-m/fpu\libc.a(lib_a-memcpy.o)
                              ..\obj\startup_stm32f4xx.o (memcpy)

Allocating common symbols
Common symbol       size              file

Kp_Multiplier       0x8               ..\obj\Fira_2014.o
Kd_Divider          0x8               ..\obj\Fira_2014.o
Kp_Divider          0x8               ..\obj\Fira_2014.o
Kd_Multiplier       0x8               ..\obj\Fira_2014.o

Discarded input sections

 .text          0x00000000        0x0 ..\obj\stm32f4xx_syscfg.o
 .data          0x00000000        0x0 ..\obj\stm32f4xx_syscfg.o
 .bss           0x00000000        0x0 ..\obj\stm32f4xx_syscfg.o
 .text.SYSCFG_DeInit
                0x00000000       0x1c ..\obj\stm32f4xx_syscfg.o
 .text.SYSCFG_MemoryRemapConfig
                0x00000000        0xc ..\obj\stm32f4xx_syscfg.o
 .text.SYSCFG_ETH_MediaInterfaceConfig
                0x00000000        0xc ..\obj\stm32f4xx_syscfg.o
 .text.SYSCFG_CompensationCellCmd
                0x00000000        0xc ..\obj\stm32f4xx_syscfg.o
 .text.SYSCFG_GetCompensationCellStatus
                0x00000000       0x10 ..\obj\stm32f4xx_syscfg.o
 .text          0x00000000        0x0 ..\obj\Fira_2014.o
 .data          0x00000000        0x0 ..\obj\Fira_2014.o
 .text.Error_Fuzzification
                0x00000000      0x108 ..\obj\Fira_2014.o
 .text          0x00000000        0x0 ..\obj\stm32f4xx_usart.o
 .data          0x00000000        0x0 ..\obj\stm32f4xx_usart.o
 .bss           0x00000000        0x0 ..\obj\stm32f4xx_usart.o
 .text.USART_DeInit
                0x00000000       0xc8 ..\obj\stm32f4xx_usart.o
 .text.USART_StructInit
                0x00000000       0x18 ..\obj\stm32f4xx_usart.o
 .text.USART_ClockInit
                0x00000000       0x24 ..\obj\stm32f4xx_usart.o
 .text.USART_ClockStructInit
                0x00000000        0xc ..\obj\stm32f4xx_usart.o
 .text.USART_SetPrescaler
                0x00000000       0x14 ..\obj\stm32f4xx_usart.o
 .text.USART_OverSampling8Cmd
                0x00000000       0x1c ..\obj\stm32f4xx_usart.o
 .text.USART_OneBitMethodCmd
                0x00000000       0x1c ..\obj\stm32f4xx_usart.o
 .text.USART_SendData
                0x00000000        0x8 ..\obj\stm32f4xx_usart.o
 .text.USART_SetAddress
                0x00000000       0x18 ..\obj\stm32f4xx_usart.o
 .text.USART_ReceiverWakeUpCmd
                0x00000000       0x1c ..\obj\stm32f4xx_usart.o
 .text.USART_WakeUpConfig
                0x00000000       0x18 ..\obj\stm32f4xx_usart.o
 .text.USART_LINBreakDetectLengthConfig
                0x00000000       0x18 ..\obj\stm32f4xx_usart.o
 .text.USART_LINCmd
                0x00000000       0x1c ..\obj\stm32f4xx_usart.o
 .text.USART_SendBreak
                0x00000000        0xc ..\obj\stm32f4xx_usart.o
 .text.USART_HalfDuplexCmd
                0x00000000       0x1c ..\obj\stm32f4xx_usart.o
 .text.USART_SetGuardTime
                0x00000000       0x14 ..\obj\stm32f4xx_usart.o
 .text.USART_SmartCardCmd
                0x00000000       0x1c ..\obj\stm32f4xx_usart.o
 .text.USART_SmartCardNACKCmd
                0x00000000       0x1c ..\obj\stm32f4xx_usart.o
 .text.USART_IrDAConfig
                0x00000000       0x18 ..\obj\stm32f4xx_usart.o
 .text.USART_IrDACmd
                0x00000000       0x1c ..\obj\stm32f4xx_usart.o
 .text.USART_DMACmd
                0x00000000       0x14 ..\obj\stm32f4xx_usart.o
 .text.USART_GetFlagStatus
                0x00000000        0xc ..\obj\stm32f4xx_usart.o
 .text.USART_ClearFlag
                0x00000000        0x8 ..\obj\stm32f4xx_usart.o
 .text          0x00000000        0x0 ..\obj\startup_stm32f4xx.o
 .data          0x00000000        0x0 ..\obj\startup_stm32f4xx.o
 .bss           0x00000000        0x0 ..\obj\startup_stm32f4xx.o
 .text          0x00000000        0x0 ..\obj\stm32f4xx_rcc.o
 .bss           0x00000000        0x0 ..\obj\stm32f4xx_rcc.o
 .text.RCC_DeInit
                0x00000000       0x34 ..\obj\stm32f4xx_rcc.o
 .text.RCC_HSEConfig
                0x00000000       0x10 ..\obj\stm32f4xx_rcc.o
 .text.RCC_WaitForHSEStartUp
                0x00000000       0x38 ..\obj\stm32f4xx_rcc.o
 .text.RCC_AdjustHSICalibrationValue
                0x00000000       0x14 ..\obj\stm32f4xx_rcc.o
 .text.RCC_HSICmd
                0x00000000        0xc ..\obj\stm32f4xx_rcc.o
 .text.RCC_LSEConfig
                0x00000000       0x20 ..\obj\stm32f4xx_rcc.o
 .text.RCC_LSICmd
                0x00000000        0xc ..\obj\stm32f4xx_rcc.o
 .text.RCC_PLLConfig
                0x00000000       0x24 ..\obj\stm32f4xx_rcc.o
 .text.RCC_PLLCmd
                0x00000000        0xc ..\obj\stm32f4xx_rcc.o
 .text.RCC_PLLI2SConfig
                0x00000000       0x14 ..\obj\stm32f4xx_rcc.o
 .text.RCC_PLLI2SCmd
                0x00000000        0xc ..\obj\stm32f4xx_rcc.o
 .text.RCC_ClockSecuritySystemCmd
                0x00000000        0xc ..\obj\stm32f4xx_rcc.o
 .text.RCC_MCO1Config
                0x00000000       0x14 ..\obj\stm32f4xx_rcc.o
 .text.RCC_MCO2Config
                0x00000000       0x14 ..\obj\stm32f4xx_rcc.o
 .text.RCC_SYSCLKConfig
                0x00000000       0x14 ..\obj\stm32f4xx_rcc.o
 .text.RCC_GetSYSCLKSource
                0x00000000       0x10 ..\obj\stm32f4xx_rcc.o
 .text.RCC_HCLKConfig
                0x00000000       0x14 ..\obj\stm32f4xx_rcc.o
 .text.RCC_PCLK1Config
                0x00000000       0x14 ..\obj\stm32f4xx_rcc.o
 .text.RCC_PCLK2Config
                0x00000000       0x14 ..\obj\stm32f4xx_rcc.o
 .text.RCC_RTCCLKConfig
                0x00000000       0x30 ..\obj\stm32f4xx_rcc.o
 .text.RCC_RTCCLKCmd
                0x00000000        0xc ..\obj\stm32f4xx_rcc.o
 .text.RCC_BackupResetCmd
                0x00000000        0xc ..\obj\stm32f4xx_rcc.o
 .text.RCC_I2SCLKConfig
                0x00000000        0xc ..\obj\stm32f4xx_rcc.o
 .text.RCC_AHB2PeriphClockCmd
                0x00000000       0x18 ..\obj\stm32f4xx_rcc.o
 .text.RCC_AHB3PeriphClockCmd
                0x00000000       0x18 ..\obj\stm32f4xx_rcc.o
 .text.RCC_AHB1PeriphResetCmd
                0x00000000       0x18 ..\obj\stm32f4xx_rcc.o
 .text.RCC_AHB2PeriphResetCmd
                0x00000000       0x18 ..\obj\stm32f4xx_rcc.o
 .text.RCC_AHB3PeriphResetCmd
                0x00000000       0x18 ..\obj\stm32f4xx_rcc.o
 .text.RCC_APB1PeriphResetCmd
                0x00000000       0x18 ..\obj\stm32f4xx_rcc.o
 .text.RCC_APB2PeriphResetCmd
                0x00000000       0x18 ..\obj\stm32f4xx_rcc.o
 .text.RCC_AHB1PeriphClockLPModeCmd
                0x00000000       0x18 ..\obj\stm32f4xx_rcc.o
 .text.RCC_AHB2PeriphClockLPModeCmd
                0x00000000       0x18 ..\obj\stm32f4xx_rcc.o
 .text.RCC_AHB3PeriphClockLPModeCmd
                0x00000000       0x18 ..\obj\stm32f4xx_rcc.o
 .text.RCC_APB1PeriphClockLPModeCmd
                0x00000000       0x18 ..\obj\stm32f4xx_rcc.o
 .text.RCC_APB2PeriphClockLPModeCmd
                0x00000000       0x18 ..\obj\stm32f4xx_rcc.o
 .text.RCC_ITConfig
                0x00000000       0x18 ..\obj\stm32f4xx_rcc.o
 .text.RCC_GetFlagStatus
                0x00000000       0x34 ..\obj\stm32f4xx_rcc.o
 .text.RCC_ClearFlag
                0x00000000       0x10 ..\obj\stm32f4xx_rcc.o
 .text.RCC_GetITStatus
                0x00000000       0x14 ..\obj\stm32f4xx_rcc.o
 .text.RCC_ClearITPendingBit
                0x00000000        0xc ..\obj\stm32f4xx_rcc.o
 .text          0x00000000        0x0 ..\obj\stm32f4xx_gpio.o
 .data          0x00000000        0x0 ..\obj\stm32f4xx_gpio.o
 .bss           0x00000000        0x0 ..\obj\stm32f4xx_gpio.o
 .text.GPIO_DeInit
                0x00000000      0x118 ..\obj\stm32f4xx_gpio.o
 .text.GPIO_StructInit
                0x00000000       0x14 ..\obj\stm32f4xx_gpio.o
 .text.GPIO_PinLockConfig
                0x00000000       0x24 ..\obj\stm32f4xx_gpio.o
 .text.GPIO_ReadInputDataBit
                0x00000000        0xc ..\obj\stm32f4xx_gpio.o
 .text.GPIO_ReadInputData
                0x00000000        0x8 ..\obj\stm32f4xx_gpio.o
 .text.GPIO_ReadOutputDataBit
                0x00000000        0xc ..\obj\stm32f4xx_gpio.o
 .text.GPIO_ReadOutputData
                0x00000000        0x8 ..\obj\stm32f4xx_gpio.o
 .text.GPIO_SetBits
                0x00000000        0x4 ..\obj\stm32f4xx_gpio.o
 .text.GPIO_ResetBits
                0x00000000        0x4 ..\obj\stm32f4xx_gpio.o
 .text.GPIO_WriteBit
                0x00000000        0xc ..\obj\stm32f4xx_gpio.o
 .text.GPIO_Write
                0x00000000        0x4 ..\obj\stm32f4xx_gpio.o
 .text.GPIO_ToggleBits
                0x00000000        0x8 ..\obj\stm32f4xx_gpio.o
 .text          0x00000000        0x0 ..\obj\stm32f4xx_flash.o
 .data          0x00000000        0x0 ..\obj\stm32f4xx_flash.o
 .bss           0x00000000        0x0 ..\obj\stm32f4xx_flash.o
 .text.FLASH_SetLatency
                0x00000000        0xc ..\obj\stm32f4xx_flash.o
 .text.FLASH_PrefetchBufferCmd
                0x00000000       0x1c ..\obj\stm32f4xx_flash.o
 .text.FLASH_InstructionCacheCmd
                0x00000000       0x1c ..\obj\stm32f4xx_flash.o
 .text.FLASH_DataCacheCmd
                0x00000000       0x1c ..\obj\stm32f4xx_flash.o
 .text.FLASH_InstructionCacheReset
                0x00000000       0x10 ..\obj\stm32f4xx_flash.o
 .text.FLASH_DataCacheReset
                0x00000000       0x10 ..\obj\stm32f4xx_flash.o
 .text.FLASH_Unlock
                0x00000000       0x20 ..\obj\stm32f4xx_flash.o
 .text.FLASH_Lock
                0x00000000       0x10 ..\obj\stm32f4xx_flash.o
 .text.FLASH_EraseSector
                0x00000000      0x188 ..\obj\stm32f4xx_flash.o
 .text.FLASH_EraseAllSectors
                0x00000000      0x16c ..\obj\stm32f4xx_flash.o
 .text.FLASH_ProgramDoubleWord
                0x00000000      0x158 ..\obj\stm32f4xx_flash.o
 .text.FLASH_ProgramWord
                0x00000000      0x15c ..\obj\stm32f4xx_flash.o
 .text.FLASH_ProgramHalfWord
                0x00000000      0x15c ..\obj\stm32f4xx_flash.o
 .text.FLASH_ProgramByte
                0x00000000      0x158 ..\obj\stm32f4xx_flash.o
 .text.FLASH_OB_Unlock
                0x00000000       0x20 ..\obj\stm32f4xx_flash.o
 .text.FLASH_OB_Lock
                0x00000000       0x10 ..\obj\stm32f4xx_flash.o
 .text.FLASH_OB_WRPConfig
                0x00000000       0xb8 ..\obj\stm32f4xx_flash.o
 .text.FLASH_OB_RDPConfig
                0x00000000       0xa0 ..\obj\stm32f4xx_flash.o
 .text.FLASH_OB_UserConfig
                0x00000000       0xb4 ..\obj\stm32f4xx_flash.o
 .text.FLASH_OB_BORConfig
                0x00000000       0x18 ..\obj\stm32f4xx_flash.o
 .text.FLASH_OB_Launch
                0x00000000       0xa4 ..\obj\stm32f4xx_flash.o
 .text.FLASH_OB_GetUser
                0x00000000       0x10 ..\obj\stm32f4xx_flash.o
 .text.FLASH_OB_GetWRP
                0x00000000        0xc ..\obj\stm32f4xx_flash.o
 .text.FLASH_OB_GetRDP
                0x00000000       0x10 ..\obj\stm32f4xx_flash.o
 .text.FLASH_OB_GetBOR
                0x00000000       0x10 ..\obj\stm32f4xx_flash.o
 .text.FLASH_ITConfig
                0x00000000       0x18 ..\obj\stm32f4xx_flash.o
 .text.FLASH_GetFlagStatus
                0x00000000       0x14 ..\obj\stm32f4xx_flash.o
 .text.FLASH_ClearFlag
                0x00000000        0xc ..\obj\stm32f4xx_flash.o
 .text.FLASH_GetStatus
                0x00000000       0x34 ..\obj\stm32f4xx_flash.o
 .text.FLASH_WaitForLastOperation
                0x00000000       0x98 ..\obj\stm32f4xx_flash.o
 .debug_info    0x00000000      0xfb9 ..\obj\stm32f4xx_flash.o
 .debug_abbrev  0x00000000      0x213 ..\obj\stm32f4xx_flash.o
 .debug_loc     0x00000000      0xf6c ..\obj\stm32f4xx_flash.o
 .debug_aranges
                0x00000000      0x108 ..\obj\stm32f4xx_flash.o
 .debug_ranges  0x00000000      0x780 ..\obj\stm32f4xx_flash.o
 .debug_line    0x00000000      0x84a ..\obj\stm32f4xx_flash.o
 .debug_str     0x00000000      0x58d ..\obj\stm32f4xx_flash.o
 .comment       0x00000000       0x71 ..\obj\stm32f4xx_flash.o
 .ARM.attributes
                0x00000000       0x39 ..\obj\stm32f4xx_flash.o
 .debug_frame   0x00000000      0x238 ..\obj\stm32f4xx_flash.o
 .text          0x00000000        0x0 ..\obj\system_stm32f4xx.o
 .data          0x00000000       0x14 ..\obj\system_stm32f4xx.o
 .bss           0x00000000        0x0 ..\obj\system_stm32f4xx.o
 .text.SystemCoreClockUpdate
                0x00000000       0x68 ..\obj\system_stm32f4xx.o
 .text          0x00000000        0x0 ..\obj\syscalls.o
 .data          0x00000000        0x0 ..\obj\syscalls.o
 .bss           0x00000000        0x4 ..\obj\syscalls.o
 .text._sbrk    0x00000000       0x1c ..\obj\syscalls.o
 .text.link     0x00000000        0x8 ..\obj\syscalls.o
 .text._close   0x00000000        0x8 ..\obj\syscalls.o
 .text._fstat   0x00000000        0xc ..\obj\syscalls.o
 .text._isatty  0x00000000        0x4 ..\obj\syscalls.o
 .text._lseek   0x00000000        0x4 ..\obj\syscalls.o
 .text._read    0x00000000        0x4 ..\obj\syscalls.o
 .text._write   0x00000000        0x4 ..\obj\syscalls.o
 .text.abort    0x00000000        0x4 ..\obj\syscalls.o
 .debug_info    0x00000000      0x3ed ..\obj\syscalls.o
 .debug_abbrev  0x00000000       0xf1 ..\obj\syscalls.o
 .debug_loc     0x00000000      0x108 ..\obj\syscalls.o
 .debug_aranges
                0x00000000       0x60 ..\obj\syscalls.o
 .debug_ranges  0x00000000       0x50 ..\obj\syscalls.o
 .debug_line    0x00000000      0x15a ..\obj\syscalls.o
 .debug_str     0x00000000      0x315 ..\obj\syscalls.o
 .comment       0x00000000       0x71 ..\obj\syscalls.o
 .ARM.attributes
                0x00000000       0x39 ..\obj\syscalls.o
 .debug_frame   0x00000000       0xa0 ..\obj\syscalls.o
 .text          0x00000000        0x0 ..\obj\stm32f4xx_exti.o
 .data          0x00000000        0x0 ..\obj\stm32f4xx_exti.o
 .bss           0x00000000        0x0 ..\obj\stm32f4xx_exti.o
 .text.EXTI_DeInit
                0x00000000       0x1c ..\obj\stm32f4xx_exti.o
 .text.EXTI_StructInit
                0x00000000       0x10 ..\obj\stm32f4xx_exti.o
 .text.EXTI_GenerateSWInterrupt
                0x00000000       0x10 ..\obj\stm32f4xx_exti.o
 .text.EXTI_GetFlagStatus
                0x00000000       0x14 ..\obj\stm32f4xx_exti.o
 .text.EXTI_ClearFlag
                0x00000000        0xc ..\obj\stm32f4xx_exti.o
 .text.EXTI_GetITStatus
                0x00000000       0x1c ..\obj\stm32f4xx_exti.o
 .text.EXTI_ClearITPendingBit
                0x00000000        0xc ..\obj\stm32f4xx_exti.o
 .text          0x00000000        0x0 ..\obj\misc.o
 .data          0x00000000        0x0 ..\obj\misc.o
 .bss           0x00000000        0x0 ..\obj\misc.o
 .text.NVIC_PriorityGroupConfig
                0x00000000       0x14 ..\obj\misc.o
 .text.NVIC_SetVectorTable
                0x00000000       0x14 ..\obj\misc.o
 .text.NVIC_SystemLPConfig
                0x00000000       0x18 ..\obj\misc.o
 .text.SysTick_CLKSourceConfig
                0x00000000       0x18 ..\obj\misc.o
 .text          0x00000000        0x0 ..\obj\stm32f4xx_tim.o
 .data          0x00000000        0x0 ..\obj\stm32f4xx_tim.o
 .bss           0x00000000        0x0 ..\obj\stm32f4xx_tim.o
 .text.TIM_DeInit
                0x00000000      0x1b8 ..\obj\stm32f4xx_tim.o
 .text.TIM_TimeBaseStructInit
                0x00000000       0x14 ..\obj\stm32f4xx_tim.o
 .text.TIM_PrescalerConfig
                0x00000000        0x8 ..\obj\stm32f4xx_tim.o
 .text.TIM_CounterModeConfig
                0x00000000       0x10 ..\obj\stm32f4xx_tim.o
 .text.TIM_SetCounter
                0x00000000        0x4 ..\obj\stm32f4xx_tim.o
 .text.TIM_SetAutoreload
                0x00000000        0x4 ..\obj\stm32f4xx_tim.o
 .text.TIM_GetCounter
                0x00000000        0x4 ..\obj\stm32f4xx_tim.o
 .text.TIM_GetPrescaler
                0x00000000        0x8 ..\obj\stm32f4xx_tim.o
 .text.TIM_UpdateDisableConfig
                0x00000000       0x1c ..\obj\stm32f4xx_tim.o
 .text.TIM_UpdateRequestConfig
                0x00000000       0x1c ..\obj\stm32f4xx_tim.o
 .text.TIM_ARRPreloadConfig
                0x00000000       0x1c ..\obj\stm32f4xx_tim.o
 .text.TIM_SelectOnePulseMode
                0x00000000       0x18 ..\obj\stm32f4xx_tim.o
 .text.TIM_SetClockDivision
                0x00000000       0x18 ..\obj\stm32f4xx_tim.o
 .text.TIM_OCStructInit
                0x00000000       0x14 ..\obj\stm32f4xx_tim.o
 .text.TIM_SelectOCxM
                0x00000000       0x50 ..\obj\stm32f4xx_tim.o
 .text.TIM_ForcedOC1Config
                0x00000000       0x10 ..\obj\stm32f4xx_tim.o
 .text.TIM_ForcedOC2Config
                0x00000000       0x14 ..\obj\stm32f4xx_tim.o
 .text.TIM_ForcedOC3Config
                0x00000000       0x10 ..\obj\stm32f4xx_tim.o
 .text.TIM_ForcedOC4Config
                0x00000000       0x14 ..\obj\stm32f4xx_tim.o
 .text.TIM_OC1PreloadConfig
                0x00000000       0x10 ..\obj\stm32f4xx_tim.o
 .text.TIM_OC2PreloadConfig
                0x00000000       0x14 ..\obj\stm32f4xx_tim.o
 .text.TIM_OC3PreloadConfig
                0x00000000       0x10 ..\obj\stm32f4xx_tim.o
 .text.TIM_OC4PreloadConfig
                0x00000000       0x14 ..\obj\stm32f4xx_tim.o
 .text.TIM_OC1FastConfig
                0x00000000       0x10 ..\obj\stm32f4xx_tim.o
 .text.TIM_OC2FastConfig
                0x00000000       0x14 ..\obj\stm32f4xx_tim.o
 .text.TIM_OC3FastConfig
                0x00000000       0x10 ..\obj\stm32f4xx_tim.o
 .text.TIM_OC4FastConfig
                0x00000000       0x14 ..\obj\stm32f4xx_tim.o
 .text.TIM_ClearOC1Ref
                0x00000000       0x10 ..\obj\stm32f4xx_tim.o
 .text.TIM_ClearOC2Ref
                0x00000000       0x10 ..\obj\stm32f4xx_tim.o
 .text.TIM_ClearOC3Ref
                0x00000000       0x10 ..\obj\stm32f4xx_tim.o
 .text.TIM_ClearOC4Ref
                0x00000000       0x10 ..\obj\stm32f4xx_tim.o
 .text.TIM_OC1PolarityConfig
                0x00000000       0x10 ..\obj\stm32f4xx_tim.o
 .text.TIM_OC1NPolarityConfig
                0x00000000       0x10 ..\obj\stm32f4xx_tim.o
 .text.TIM_OC2PolarityConfig
                0x00000000       0x14 ..\obj\stm32f4xx_tim.o
 .text.TIM_OC2NPolarityConfig
                0x00000000       0x14 ..\obj\stm32f4xx_tim.o
 .text.TIM_OC3PolarityConfig
                0x00000000       0x14 ..\obj\stm32f4xx_tim.o
 .text.TIM_OC3NPolarityConfig
                0x00000000       0x14 ..\obj\stm32f4xx_tim.o
 .text.TIM_OC4PolarityConfig
                0x00000000       0x14 ..\obj\stm32f4xx_tim.o
 .text.TIM_CCxCmd
                0x00000000       0x20 ..\obj\stm32f4xx_tim.o
 .text.TIM_CCxNCmd
                0x00000000       0x20 ..\obj\stm32f4xx_tim.o
 .text.TIM_ICInit
                0x00000000      0x168 ..\obj\stm32f4xx_tim.o
 .text.TIM_ICStructInit
                0x00000000       0x10 ..\obj\stm32f4xx_tim.o
 .text.TIM_PWMIConfig
                0x00000000      0x160 ..\obj\stm32f4xx_tim.o
 .text.TIM_GetCapture1
                0x00000000        0x4 ..\obj\stm32f4xx_tim.o
 .text.TIM_GetCapture2
                0x00000000        0x4 ..\obj\stm32f4xx_tim.o
 .text.TIM_GetCapture3
                0x00000000        0x4 ..\obj\stm32f4xx_tim.o
 .text.TIM_GetCapture4
                0x00000000        0x4 ..\obj\stm32f4xx_tim.o
 .text.TIM_SetIC1Prescaler
                0x00000000       0x18 ..\obj\stm32f4xx_tim.o
 .text.TIM_SetIC2Prescaler
                0x00000000       0x1c ..\obj\stm32f4xx_tim.o
 .text.TIM_SetIC3Prescaler
                0x00000000       0x18 ..\obj\stm32f4xx_tim.o
 .text.TIM_SetIC4Prescaler
                0x00000000       0x1c ..\obj\stm32f4xx_tim.o
 .text.TIM_BDTRConfig
                0x00000000       0x2c ..\obj\stm32f4xx_tim.o
 .text.TIM_BDTRStructInit
                0x00000000       0x14 ..\obj\stm32f4xx_tim.o
 .text.TIM_CtrlPWMOutputs
                0x00000000       0x20 ..\obj\stm32f4xx_tim.o
 .text.TIM_SelectCOM
                0x00000000       0x1c ..\obj\stm32f4xx_tim.o
 .text.TIM_CCPreloadControl
                0x00000000       0x1c ..\obj\stm32f4xx_tim.o
 .text.TIM_GenerateEvent
                0x00000000        0x4 ..\obj\stm32f4xx_tim.o
 .text.TIM_GetFlagStatus
                0x00000000        0xc ..\obj\stm32f4xx_tim.o
 .text.TIM_ClearFlag
                0x00000000        0x8 ..\obj\stm32f4xx_tim.o
 .text.TIM_GetITStatus
                0x00000000       0x18 ..\obj\stm32f4xx_tim.o
 .text.TIM_DMAConfig
                0x00000000        0x8 ..\obj\stm32f4xx_tim.o
 .text.TIM_DMACmd
                0x00000000       0x14 ..\obj\stm32f4xx_tim.o
 .text.TIM_SelectCCDMA
                0x00000000       0x1c ..\obj\stm32f4xx_tim.o
 .text.TIM_InternalClockConfig
                0x00000000       0x10 ..\obj\stm32f4xx_tim.o
 .text.TIM_ITRxExternalClockConfig
                0x00000000       0x1c ..\obj\stm32f4xx_tim.o
 .text.TIM_TIxExternalClockConfig
                0x00000000       0x88 ..\obj\stm32f4xx_tim.o
 .text.TIM_ETRClockMode1Config
                0x00000000       0x28 ..\obj\stm32f4xx_tim.o
 .text.TIM_ETRClockMode2Config
                0x00000000       0x24 ..\obj\stm32f4xx_tim.o
 .text.TIM_SelectInputTrigger
                0x00000000       0x10 ..\obj\stm32f4xx_tim.o
 .text.TIM_SelectOutputTrigger
                0x00000000       0x18 ..\obj\stm32f4xx_tim.o
 .text.TIM_SelectSlaveMode
                0x00000000       0x18 ..\obj\stm32f4xx_tim.o
 .text.TIM_SelectMasterSlaveMode
                0x00000000       0x18 ..\obj\stm32f4xx_tim.o
 .text.TIM_ETRConfig
                0x00000000       0x18 ..\obj\stm32f4xx_tim.o
 .text.TIM_EncoderInterfaceConfig
                0x00000000       0x40 ..\obj\stm32f4xx_tim.o
 .text.TIM_SelectHallSensor
                0x00000000       0x1c ..\obj\stm32f4xx_tim.o
 .text.TIM_RemapConfig
                0x00000000        0x8 ..\obj\stm32f4xx_tim.o
 .text          0x00000000        0x0 ..\obj\Peripherals.o
 .data          0x00000000        0x0 ..\obj\Peripherals.o
 .bss           0x00000000        0x0 ..\obj\Peripherals.o
 .text.delay    0x00000000        0x4 ..\obj\Peripherals.o
 .data          0x00000000        0x0 d:/stm32f-krssg/gcc-arm-none-eabi/bin/../lib/gcc/arm-none-eabi/4.8.3/../../../../arm-none-eabi/lib/armv7e-m/fpu\libc.a(lib_a-memcpy.o)
 .bss           0x00000000        0x0 d:/stm32f-krssg/gcc-arm-none-eabi/bin/../lib/gcc/arm-none-eabi/4.8.3/../../../../arm-none-eabi/lib/armv7e-m/fpu\libc.a(lib_a-memcpy.o)

Memory Configuration

Name             Origin             Length             Attributes
rom              0x08000000         0x00100000         xr
ram              0x20000000         0x00020000         xrw
ram1             0x10000000         0x00010000         xrw
*default*        0x00000000         0xffffffff

Linker script and memory map

                0x20020000                _eram = 0x20020000

.text           0x08000000     0x16dc
 *(.isr_vector .isr_vector.*)
 .isr_vector    0x08000000      0x188 ..\obj\startup_stm32f4xx.o
                0x08000000                g_pfnVectors
 *(.text .text.* .gnu.linkonce.t.*)
 .text.SYSCFG_EXTILineConfig
                0x08000188       0x30 ..\obj\stm32f4xx_syscfg.o
                0x08000188                SYSCFG_EXTILineConfig
 .text.Create_Fuzzy_Matrix
                0x080001b8      0x12c ..\obj\Fira_2014.o
                0x080001b8                Create_Fuzzy_Matrix
 .text.Determine_Weights
                0x080002e4      0x244 ..\obj\Fira_2014.o
                0x080002e4                Determine_Weights
 .text.Give_Motor_Velocity
                0x08000528      0x168 ..\obj\Fira_2014.o
                0x08000528                Give_Motor_Velocity
 .text.startup.main
                0x08000690      0x14c ..\obj\Fira_2014.o
                0x08000690                main
 .text.USART2_IRQHandler
                0x080007dc       0xe0 ..\obj\Fira_2014.o
                0x080007dc                USART2_IRQHandler
 .text.EXTI15_10_IRQHandler
                0x080008bc       0x50 ..\obj\Fira_2014.o
                0x080008bc                EXTI15_10_IRQHandler
 .text.EXTI4_IRQHandler
                0x0800090c       0x50 ..\obj\Fira_2014.o
                0x0800090c                EXTI4_IRQHandler
 .text.TIM2_IRQHandler
                0x0800095c       0x7c ..\obj\Fira_2014.o
                0x0800095c                TIM2_IRQHandler
 .text.USART_Init
                0x080009d8       0xc4 ..\obj\stm32f4xx_usart.o
                0x080009d8                USART_Init
 .text.USART_Cmd
                0x08000a9c       0x1c ..\obj\stm32f4xx_usart.o
                0x08000a9c                USART_Cmd
 .text.USART_ReceiveData
                0x08000ab8        0x8 ..\obj\stm32f4xx_usart.o
                0x08000ab8                USART_ReceiveData
 .text.USART_ITConfig
                0x08000ac0       0x3c ..\obj\stm32f4xx_usart.o
                0x08000ac0                USART_ITConfig
 .text.USART_GetITStatus
                0x08000afc       0x4c ..\obj\stm32f4xx_usart.o
                0x08000afc                USART_GetITStatus
 .text.USART_ClearITPendingBit
                0x08000b48       0x10 ..\obj\stm32f4xx_usart.o
                0x08000b48                USART_ClearITPendingBit
 .text.Default_Handler
                0x08000b58        0x4 ..\obj\startup_stm32f4xx.o
                0x08000b58                RTC_Alarm_IRQHandler
                0x08000b58                HASH_RNG_IRQHandler
                0x08000b58                EXTI2_IRQHandler
                0x08000b58                TIM8_CC_IRQHandler
                0x08000b58                DebugMon_Handler
                0x08000b58                TIM1_CC_IRQHandler
                0x08000b58                DMA2_Stream5_IRQHandler
                0x08000b58                HardFault_Handler
                0x08000b58                DMA1_Stream5_IRQHandler
                0x08000b58                SysTick_Handler
                0x08000b58                PVD_IRQHandler
                0x08000b58                SDIO_IRQHandler
                0x08000b58                TAMP_STAMP_IRQHandler
                0x08000b58                PendSV_Handler
                0x08000b58                NMI_Handler
                0x08000b58                CAN2_RX1_IRQHandler
                0x08000b58                EXTI3_IRQHandler
                0x08000b58                TIM8_TRG_COM_TIM14_IRQHandler
                0x08000b58                TIM1_UP_TIM10_IRQHandler
                0x08000b58                TIM8_UP_TIM13_IRQHandler
                0x08000b58                I2C3_ER_IRQHandler
                0x08000b58                EXTI0_IRQHandler
                0x08000b58                I2C2_EV_IRQHandler
                0x08000b58                DMA1_Stream2_IRQHandler
                0x08000b58                CAN1_RX0_IRQHandler
                0x08000b58                FPU_IRQHandler
                0x08000b58                OTG_HS_WKUP_IRQHandler
                0x08000b58                UsageFault_Handler
                0x08000b58                CAN2_SCE_IRQHandler
                0x08000b58                DMA2_Stream2_IRQHandler
                0x08000b58                SPI1_IRQHandler
                0x08000b58                TIM6_DAC_IRQHandler
                0x08000b58                TIM1_BRK_TIM9_IRQHandler
                0x08000b58                DCMI_IRQHandler
                0x08000b58                CAN2_RX0_IRQHandler
                0x08000b58                DMA2_Stream3_IRQHandler
                0x08000b58                USART6_IRQHandler
                0x08000b58                USART3_IRQHandler
                0x08000b58                CRYP_IRQHandler
                0x08000b58                CAN1_RX1_IRQHandler
                0x08000b58                UART5_IRQHandler
                0x08000b58                DMA2_Stream0_IRQHandler
                0x08000b58                TIM4_IRQHandler
                0x08000b58                I2C1_EV_IRQHandler
                0x08000b58                DMA1_Stream6_IRQHandler
                0x08000b58                DMA1_Stream1_IRQHandler
                0x08000b58                UART4_IRQHandler
                0x08000b58                TIM3_IRQHandler
                0x08000b58                RCC_IRQHandler
                0x08000b58                TIM8_BRK_TIM12_IRQHandler
                0x08000b58                ADC_IRQHandler
                0x08000b58                DMA1_Stream7_IRQHandler
                0x08000b58                TIM7_IRQHandler
                0x08000b58                CAN2_TX_IRQHandler
                0x08000b58                TIM5_IRQHandler
                0x08000b58                DMA2_Stream7_IRQHandler
                0x08000b58                I2C3_EV_IRQHandler
                0x08000b58                EXTI9_5_IRQHandler
                0x08000b58                RTC_WKUP_IRQHandler
                0x08000b58                ETH_WKUP_IRQHandler
                0x08000b58                SPI2_IRQHandler
                0x08000b58                OTG_HS_EP1_IN_IRQHandler
                0x08000b58                MemManage_Handler
                0x08000b58                DMA1_Stream0_IRQHandler
                0x08000b58                CAN1_TX_IRQHandler
                0x08000b58                SVC_Handler
                0x08000b58                FSMC_IRQHandler
                0x08000b58                ETH_IRQHandler
                0x08000b58                OTG_HS_EP1_OUT_IRQHandler
                0x08000b58                WWDG_IRQHandler
                0x08000b58                OTG_FS_WKUP_IRQHandler
                0x08000b58                TIM1_TRG_COM_TIM11_IRQHandler
                0x08000b58                OTG_HS_IRQHandler
                0x08000b58                EXTI1_IRQHandler
                0x08000b58                I2C2_ER_IRQHandler
                0x08000b58                DMA2_Stream1_IRQHandler
                0x08000b58                CAN1_SCE_IRQHandler
                0x08000b58                FLASH_IRQHandler
                0x08000b58                DMA2_Stream4_IRQHandler
                0x08000b58                BusFault_Handler
                0x08000b58                USART1_IRQHandler
                0x08000b58                OTG_FS_IRQHandler
                0x08000b58                SPI3_IRQHandler
                0x08000b58                DMA1_Stream4_IRQHandler
                0x08000b58                I2C1_ER_IRQHandler
                0x08000b58                DMA2_Stream6_IRQHandler
                0x08000b58                DMA1_Stream3_IRQHandler
 .text.Default_Reset_Handler
                0x08000b5c       0x60 ..\obj\startup_stm32f4xx.o
                0x08000b5c                Default_Reset_Handler
                0x08000b5c                Reset_Handler
 .text.RCC_GetClocksFreq
                0x08000bbc       0x90 ..\obj\stm32f4xx_rcc.o
                0x08000bbc                RCC_GetClocksFreq
 .text.RCC_AHB1PeriphClockCmd
                0x08000c4c       0x18 ..\obj\stm32f4xx_rcc.o
                0x08000c4c                RCC_AHB1PeriphClockCmd
 .text.RCC_APB1PeriphClockCmd
                0x08000c64       0x18 ..\obj\stm32f4xx_rcc.o
                0x08000c64                RCC_APB1PeriphClockCmd
 .text.RCC_APB2PeriphClockCmd
                0x08000c7c       0x18 ..\obj\stm32f4xx_rcc.o
                0x08000c7c                RCC_APB2PeriphClockCmd
 .text.GPIO_Init
                0x08000c94       0xc0 ..\obj\stm32f4xx_gpio.o
                0x08000c94                GPIO_Init
 .text.GPIO_PinAFConfig
                0x08000d54       0x28 ..\obj\stm32f4xx_gpio.o
                0x08000d54                GPIO_PinAFConfig
 .text.SystemInit
                0x08000d7c       0xbc ..\obj\system_stm32f4xx.o
                0x08000d7c                SystemInit
 .text.EXTI_Init
                0x08000e38       0x80 ..\obj\stm32f4xx_exti.o
                0x08000e38                EXTI_Init
 .text.NVIC_Init
                0x08000eb8       0x78 ..\obj\misc.o
                0x08000eb8                NVIC_Init
 .text.TIM_TimeBaseInit
                0x08000f30       0x9c ..\obj\stm32f4xx_tim.o
                0x08000f30                TIM_TimeBaseInit
 .text.TIM_Cmd  0x08000fcc       0x1c ..\obj\stm32f4xx_tim.o
                0x08000fcc                TIM_Cmd
 .text.TIM_OC1Init
                0x08000fe8       0x80 ..\obj\stm32f4xx_tim.o
                0x08000fe8                TIM_OC1Init
 .text.TIM_OC2Init
                0x08001068       0x90 ..\obj\stm32f4xx_tim.o
                0x08001068                TIM_OC2Init
 .text.TIM_OC3Init
                0x080010f8       0x8c ..\obj\stm32f4xx_tim.o
                0x080010f8                TIM_OC3Init
 .text.TIM_OC4Init
                0x08001184       0x6c ..\obj\stm32f4xx_tim.o
                0x08001184                TIM_OC4Init
 .text.TIM_SetCompare1
                0x080011f0        0x4 ..\obj\stm32f4xx_tim.o
                0x080011f0                TIM_SetCompare1
 .text.TIM_SetCompare2
                0x080011f4        0x4 ..\obj\stm32f4xx_tim.o
                0x080011f4                TIM_SetCompare2
 .text.TIM_SetCompare3
                0x080011f8        0x4 ..\obj\stm32f4xx_tim.o
                0x080011f8                TIM_SetCompare3
 .text.TIM_SetCompare4
                0x080011fc        0x4 ..\obj\stm32f4xx_tim.o
                0x080011fc                TIM_SetCompare4
 .text.TIM_ITConfig
                0x08001200       0x14 ..\obj\stm32f4xx_tim.o
                0x08001200                TIM_ITConfig
 .text.TIM_ClearITPendingBit
                0x08001214        0x8 ..\obj\stm32f4xx_tim.o
                0x08001214                TIM_ClearITPendingBit
 .text.Initialise_Clock
                0x0800121c       0x5c ..\obj\Peripherals.o
                0x0800121c                Initialise_Clock
 .text.Initialise_UART
                0x08001278       0x64 ..\obj\Peripherals.o
                0x08001278                Initialise_UART
 .text.Initialise_GPIO
                0x080012dc      0x154 ..\obj\Peripherals.o
                0x080012dc                Initialise_GPIO
 .text.Initialise_TimerInterrupt
                0x08001430       0x64 ..\obj\Peripherals.o
                0x08001430                Initialise_TimerInterrupt
 .text.Initialise_ExternalInterrupt
                0x08001494       0x90 ..\obj\Peripherals.o
                0x08001494                Initialise_ExternalInterrupt
 .text.Initialise_TimerPWM
                0x08001524       0x84 ..\obj\Peripherals.o
                0x08001524                Initialise_TimerPWM
 .text          0x080015a8      0x134 d:/stm32f-krssg/gcc-arm-none-eabi/bin/../lib/gcc/arm-none-eabi/4.8.3/../../../../arm-none-eabi/lib/armv7e-m/fpu\libc.a(lib_a-memcpy.o)
                0x080015a8                memcpy
 *(.glue_7t)
 .glue_7t       0x00000000        0x0 linker stubs
 *(.glue_7)
 .glue_7        0x00000000        0x0 linker stubs
 *(.rodata .rodata* .gnu.linkonce.r.*)

.vfp11_veneer   0x080016dc        0x0
 .vfp11_veneer  0x00000000        0x0 linker stubs

.v4_bx          0x080016dc        0x0
 .v4_bx         0x00000000        0x0 linker stubs

.iplt           0x080016dc        0x0
 .iplt          0x00000000        0x0 ..\obj\stm32f4xx_syscfg.o

.rel.dyn        0x080016dc        0x0
 .rel.iplt      0x00000000        0x0 ..\obj\stm32f4xx_syscfg.o

.ARM.extab
 *(.ARM.extab* .gnu.linkonce.armextab.*)
                0x080016dc                __exidx_start = .

.ARM.exidx
 *(.ARM.exidx* .gnu.linkonce.armexidx.*)
                0x080016dc                __exidx_end = .
                0x080016dc                . = ALIGN (0x4)
                0x080016dc                _etext = .
                0x080016dc                _sidata = .

.data           0x20000000       0x10 load address 0x080016dc
                0x20000000                _sdata = .
 *(.data .data.*)
 .data          0x20000000       0x10 ..\obj\stm32f4xx_rcc.o
                0x20000010                . = ALIGN (0x4)
                0x20000010                _edata = .

.igot.plt       0x20000010        0x0 load address 0x080016ec
 .igot.plt      0x00000000        0x0 ..\obj\stm32f4xx_syscfg.o

.bss            0x20000010      0x854 load address 0x080016ec
                0x20000010                _sbss = .
 *(.bss .bss.*)
 .bss           0x20000010      0x834 ..\obj\Fira_2014.o
                0x20000010                Zero_Error
                0x20000018                Negative_Error
                0x20000020                Positive_Error
                0x20000028                Error
                0x20000030                Zero_D_Error
                0x20000038                Negative_D_Error
                0x20000040                Positive_D_Error
                0x20000048                D_Error
                0x20000050                Fuzzy_Matrix
                0x20000098                Kp_Small
                0x200000a0                Kp_Medium
                0x200000a8                Kp_Large
                0x200000b0                Kd_Small
                0x200000b8                Kd_Medium
                0x200000c0                Kd_Large
                0x200000c8                Fault
                0x200000d0                Motor_Velocity
                0x200000d8                enable_timer_int
                0x200000dc                TeamID
                0x200000e0                Bot_Id
                0x200000e4                Ticks
                0x200000ec                Cycle_Complete_Flag
                0x200000f0                Data
                0x200000f4                Flag
                0x200000f8                Velocity
                0x20000100                Target
                0x20000108                Previous_Error
                0x20000110                VL
                0x20000111                VR
                0x20000114                Ticks_Array_R
                0x200002a4                Ticks_Array_L
                0x20000434                Enable_Flag
                0x20000438                Count
                0x2000043c                j
                0x20000440                p
                0x20000444                loop
                0x20000448                i
                0x2000044c                Bot_Flag
                0x20000450                StoreIdx
                0x20000454                NumStored
                0x20000458                Send_Back_Flag
                0x2000045c                Store
 *(COMMON)
 COMMON         0x20000844       0x20 ..\obj\Fira_2014.o
                0x20000844                Kp_Multiplier
                0x2000084c                Kd_Divider
                0x20000854                Kp_Divider
                0x2000085c                Kd_Multiplier
                0x20000864                . = ALIGN (0x4)
                0x20000864                _ebss = .

.co_stack       0x20000864      0x804 load address 0x08001f40
                0x20000868                . = ALIGN (0x8)
 *fill*         0x20000864        0x4 
 *(.co_stack .co_stack.*)
 .co_stack      0x20000868      0x800 ..\obj\startup_stm32f4xx.o
                0x20000868                pulStack
                0x20001068                . = ALIGN (0x4)
                0x20001068                _end = .
LOAD ..\obj\stm32f4xx_syscfg.o
LOAD ..\obj\Fira_2014.o
LOAD ..\obj\stm32f4xx_usart.o
LOAD ..\obj\startup_stm32f4xx.o
LOAD ..\obj\stm32f4xx_rcc.o
LOAD ..\obj\stm32f4xx_gpio.o
LOAD ..\obj\stm32f4xx_flash.o
LOAD ..\obj\system_stm32f4xx.o
LOAD ..\obj\syscalls.o
LOAD ..\obj\stm32f4xx_exti.o
LOAD ..\obj\misc.o
LOAD ..\obj\stm32f4xx_tim.o
LOAD ..\obj\Peripherals.o
LOAD d:/stm32f-krssg/gcc-arm-none-eabi/bin/../lib/gcc/arm-none-eabi/4.8.3/../../../../arm-none-eabi/lib/armv7e-m/fpu\libm.a
LOAD d:/stm32f-krssg/gcc-arm-none-eabi/bin/../lib/gcc/arm-none-eabi/4.8.3/armv7e-m/fpu\libgcc.a
LOAD d:/stm32f-krssg/gcc-arm-none-eabi/bin/../lib/gcc/arm-none-eabi/4.8.3/../../../../arm-none-eabi/lib/armv7e-m/fpu\libc.a
START GROUP
LOAD d:/stm32f-krssg/gcc-arm-none-eabi/bin/../lib/gcc/arm-none-eabi/4.8.3/armv7e-m/fpu\libgcc.a
LOAD d:/stm32f-krssg/gcc-arm-none-eabi/bin/../lib/gcc/arm-none-eabi/4.8.3/../../../../arm-none-eabi/lib/armv7e-m/fpu\libg.a
LOAD d:/stm32f-krssg/gcc-arm-none-eabi/bin/../lib/gcc/arm-none-eabi/4.8.3/../../../../arm-none-eabi/lib/armv7e-m/fpu\libc.a
END GROUP
OUTPUT(Fira_Summer_1.elf elf32-littlearm)

.debug_info     0x00000000     0x79a6
 .debug_info    0x00000000      0x294 ..\obj\stm32f4xx_syscfg.o
 .debug_info    0x00000294     0x107d ..\obj\Fira_2014.o
 .debug_info    0x00001311      0xb15 ..\obj\stm32f4xx_usart.o
 .debug_info    0x00001e26      0x141 ..\obj\startup_stm32f4xx.o
 .debug_info    0x00001f67      0xcd2 ..\obj\stm32f4xx_rcc.o
 .debug_info    0x00002c39      0x7aa ..\obj\stm32f4xx_gpio.o
 .debug_info    0x000033e3      0x53d ..\obj\system_stm32f4xx.o
 .debug_info    0x00003920      0x336 ..\obj\stm32f4xx_exti.o
 .debug_info    0x00003c56      0x522 ..\obj\misc.o
 .debug_info    0x00004178     0x24ab ..\obj\stm32f4xx_tim.o
 .debug_info    0x00006623     0x1383 ..\obj\Peripherals.o

.debug_abbrev   0x00000000     0x14db
 .debug_abbrev  0x00000000      0x167 ..\obj\stm32f4xx_syscfg.o
 .debug_abbrev  0x00000167      0x2d5 ..\obj\Fira_2014.o
 .debug_abbrev  0x0000043c      0x1eb ..\obj\stm32f4xx_usart.o
 .debug_abbrev  0x00000627      0x11c ..\obj\startup_stm32f4xx.o
 .debug_abbrev  0x00000743      0x27e ..\obj\stm32f4xx_rcc.o
 .debug_abbrev  0x000009c1      0x1f6 ..\obj\stm32f4xx_gpio.o
 .debug_abbrev  0x00000bb7      0x11f ..\obj\system_stm32f4xx.o
 .debug_abbrev  0x00000cd6      0x1c3 ..\obj\stm32f4xx_exti.o
 .debug_abbrev  0x00000e99      0x154 ..\obj\misc.o
 .debug_abbrev  0x00000fed      0x28f ..\obj\stm32f4xx_tim.o
 .debug_abbrev  0x0000127c      0x25f ..\obj\Peripherals.o

.debug_loc      0x00000000     0x3d98
 .debug_loc     0x00000000       0xa6 ..\obj\stm32f4xx_syscfg.o
 .debug_loc     0x000000a6      0x17e ..\obj\Fira_2014.o
 .debug_loc     0x00000224      0x765 ..\obj\stm32f4xx_usart.o
 .debug_loc     0x00000989      0xb63 ..\obj\stm32f4xx_rcc.o
 .debug_loc     0x000014ec      0x386 ..\obj\stm32f4xx_gpio.o
 .debug_loc     0x00001872      0x144 ..\obj\system_stm32f4xx.o
 .debug_loc     0x000019b6      0x224 ..\obj\stm32f4xx_exti.o
 .debug_loc     0x00001bda      0x15d ..\obj\misc.o
 .debug_loc     0x00001d37     0x2061 ..\obj\stm32f4xx_tim.o

.debug_aranges  0x00000000      0x7b8
 .debug_aranges
                0x00000000       0x48 ..\obj\stm32f4xx_syscfg.o
 .debug_aranges
                0x00000048       0x60 ..\obj\Fira_2014.o
 .debug_aranges
                0x000000a8      0x100 ..\obj\stm32f4xx_usart.o
 .debug_aranges
                0x000001a8       0x28 ..\obj\startup_stm32f4xx.o
 .debug_aranges
                0x000001d0      0x178 ..\obj\stm32f4xx_rcc.o
 .debug_aranges
                0x00000348       0x88 ..\obj\stm32f4xx_gpio.o
 .debug_aranges
                0x000003d0       0x28 ..\obj\system_stm32f4xx.o
 .debug_aranges
                0x000003f8       0x58 ..\obj\stm32f4xx_exti.o
 .debug_aranges
                0x00000450       0x40 ..\obj\misc.o
 .debug_aranges
                0x00000490      0x2d8 ..\obj\stm32f4xx_tim.o
 .debug_aranges
                0x00000768       0x50 ..\obj\Peripherals.o

.debug_ranges   0x00000000      0x848
 .debug_ranges  0x00000000       0x38 ..\obj\stm32f4xx_syscfg.o
 .debug_ranges  0x00000038       0xa8 ..\obj\Fira_2014.o
 .debug_ranges  0x000000e0       0xf0 ..\obj\stm32f4xx_usart.o
 .debug_ranges  0x000001d0       0x18 ..\obj\startup_stm32f4xx.o
 .debug_ranges  0x000001e8      0x180 ..\obj\stm32f4xx_rcc.o
 .debug_ranges  0x00000368       0x78 ..\obj\stm32f4xx_gpio.o
 .debug_ranges  0x000003e0       0x38 ..\obj\system_stm32f4xx.o
 .debug_ranges  0x00000418       0x48 ..\obj\stm32f4xx_exti.o
 .debug_ranges  0x00000460       0x30 ..\obj\misc.o
 .debug_ranges  0x00000490      0x360 ..\obj\stm32f4xx_tim.o
 .debug_ranges  0x000007f0       0x58 ..\obj\Peripherals.o

.debug_line     0x00000000     0x2ab0
 .debug_line    0x00000000      0x226 ..\obj\stm32f4xx_syscfg.o
 .debug_line    0x00000226      0x45e ..\obj\Fira_2014.o
 .debug_line    0x00000684      0x4cf ..\obj\stm32f4xx_usart.o
 .debug_line    0x00000b53       0xa6 ..\obj\startup_stm32f4xx.o
 .debug_line    0x00000bf9      0x567 ..\obj\stm32f4xx_rcc.o
 .debug_line    0x00001160      0x358 ..\obj\stm32f4xx_gpio.o
 .debug_line    0x000014b8      0x17c ..\obj\system_stm32f4xx.o
 .debug_line    0x00001634      0x284 ..\obj\stm32f4xx_exti.o
 .debug_line    0x000018b8      0x21a ..\obj\misc.o
 .debug_line    0x00001ad2      0xc43 ..\obj\stm32f4xx_tim.o
 .debug_line    0x00002715      0x39b ..\obj\Peripherals.o

.debug_str      0x00000000     0x2ad2
 .debug_str     0x00000000      0x2cf ..\obj\stm32f4xx_syscfg.o
                                0x31c (size before relaxing)
 .debug_str     0x000002cf      0xa04 ..\obj\Fira_2014.o
                                0xbb6 (size before relaxing)
 .debug_str     0x00000cd3      0x477 ..\obj\stm32f4xx_usart.o
                                0x6d5 (size before relaxing)
 .debug_str     0x0000114a       0xcf ..\obj\startup_stm32f4xx.o
                                0x18e (size before relaxing)
 .debug_str     0x00001219      0x5b0 ..\obj\stm32f4xx_rcc.o
                                0x856 (size before relaxing)
 .debug_str     0x000017c9      0x2f6 ..\obj\stm32f4xx_gpio.o
                                0x4d0 (size before relaxing)
 .debug_str     0x00001abf      0x101 ..\obj\system_stm32f4xx.o
                                0x391 (size before relaxing)
 .debug_str     0x00001bc0      0x1ca ..\obj\stm32f4xx_exti.o
                                0x374 (size before relaxing)
 .debug_str     0x00001d8a      0x1ae ..\obj\misc.o
                                0x3df (size before relaxing)
 .debug_str     0x00001f38      0xaa6 ..\obj\stm32f4xx_tim.o
                                0xe04 (size before relaxing)
 .debug_str     0x000029de       0xf4 ..\obj\Peripherals.o
                                0xe85 (size before relaxing)

.comment        0x00000000       0x70
 .comment       0x00000000       0x70 ..\obj\stm32f4xx_syscfg.o
                                 0x71 (size before relaxing)
 .comment       0x00000000       0x71 ..\obj\Fira_2014.o
 .comment       0x00000000       0x71 ..\obj\stm32f4xx_usart.o
 .comment       0x00000000       0x71 ..\obj\startup_stm32f4xx.o
 .comment       0x00000000       0x71 ..\obj\stm32f4xx_rcc.o
 .comment       0x00000000       0x71 ..\obj\stm32f4xx_gpio.o
 .comment       0x00000000       0x71 ..\obj\system_stm32f4xx.o
 .comment       0x00000000       0x71 ..\obj\stm32f4xx_exti.o
 .comment       0x00000000       0x71 ..\obj\misc.o
 .comment       0x00000000       0x71 ..\obj\stm32f4xx_tim.o
 .comment       0x00000000       0x71 ..\obj\Peripherals.o

.ARM.attributes
                0x00000000       0x37
 .ARM.attributes
                0x00000000       0x39 ..\obj\stm32f4xx_syscfg.o
 .ARM.attributes
                0x00000039       0x39 ..\obj\Fira_2014.o
 .ARM.attributes
                0x00000072       0x39 ..\obj\stm32f4xx_usart.o
 .ARM.attributes
                0x000000ab       0x39 ..\obj\startup_stm32f4xx.o
 .ARM.attributes
                0x000000e4       0x39 ..\obj\stm32f4xx_rcc.o
 .ARM.attributes
                0x0000011d       0x39 ..\obj\stm32f4xx_gpio.o
 .ARM.attributes
                0x00000156       0x39 ..\obj\system_stm32f4xx.o
 .ARM.attributes
                0x0000018f       0x39 ..\obj\stm32f4xx_exti.o
 .ARM.attributes
                0x000001c8       0x39 ..\obj\misc.o
 .ARM.attributes
                0x00000201       0x39 ..\obj\stm32f4xx_tim.o
 .ARM.attributes
                0x0000023a       0x39 ..\obj\Peripherals.o
 .ARM.attributes
                0x00000273       0x20 d:/stm32f-krssg/gcc-arm-none-eabi/bin/../lib/gcc/arm-none-eabi/4.8.3/../../../../arm-none-eabi/lib/armv7e-m/fpu\libc.a(lib_a-memcpy.o)

.debug_frame    0x00000000      0xffc
 .debug_frame   0x00000000       0x80 ..\obj\stm32f4xx_syscfg.o
 .debug_frame   0x00000080       0xe0 ..\obj\Fira_2014.o
 .debug_frame   0x00000160      0x210 ..\obj\stm32f4xx_usart.o
 .debug_frame   0x00000370       0x38 ..\obj\startup_stm32f4xx.o
 .debug_frame   0x000003a8      0x2e4 ..\obj\stm32f4xx_rcc.o
 .debug_frame   0x0000068c      0x118 ..\obj\stm32f4xx_gpio.o
 .debug_frame   0x000007a4       0x38 ..\obj\system_stm32f4xx.o
 .debug_frame   0x000007dc       0x9c ..\obj\stm32f4xx_exti.o
 .debug_frame   0x00000878       0x6c ..\obj\misc.o
 .debug_frame   0x000008e4      0x63c ..\obj\stm32f4xx_tim.o
 .debug_frame   0x00000f20       0xdc ..\obj\Peripherals.o
